Error: GEMINI_API_KEY is not set. Add it to verya/.env.local (see verya/.env.example).
    at getClient (lib\pipeline\provider.ts:51:13)
    at geminiJson (lib\pipeline\provider.ts:78:14)
    at Object.understand (lib\pipeline\provider.ts:208:24)
    at runSuitability (lib\pipeline\gates.ts:49:45)
    at processGate (lib\pipeline\gates.ts:26:14)
    at POST (app\api\pipeline\upload\route.ts:92:38)
  49 |     const apiKey = process.env.GEMINI_API_KEY;
  50 |     if (!apiKey) {
> 51 |       throw new Error(
     |             ^
  52 |         "GEMINI_API_KEY is not set. Add it to verya/.env.local (see verya/.env.example)."
  53 |       );
  54 |     }
Error: GEMINI_API_KEY is not set. Add it to verya/.env.local (see verya/.env.example).
    at getClient (lib\pipeline\provider.ts:51:13)
    at geminiJson (lib\pipeline\provider.ts:78:14)
    at Object.understand (lib\pipeline\provider.ts:208:24)
    at runSuitability (lib\pipeline\gates.ts:49:45)
    at processGate (lib\pipeline\gates.ts:26:14)
    at POST (app\api\pipeline\upload\route.ts:92:38)
  49 |     const apiKey = process.env.GEMINI_API_KEY;
  50 |     if (!apiKey) {
> 51 |       throw new Error(
     |             ^
  52 |         "GEMINI_API_KEY is not set. Add it to verya/.env.local (see verya/.env.example)."
  53 |       );
  54 |     }
